<?xml version="1.0" encoding="Shift_JIS"?>
<RIGIDELEM>
    <FileInfo>1002-01</FileInfo>
    <SCBTG>9.070000</SCBTG>
  <Bone>
    <Name>Group_Joint</Name>
    <BTKIN>0</BTKIN>
    <RigidElem>
      <ChildName>Hip_Joint</ChildName>
      <ColType>3</ColType>
      <SkipFlag>1</SkipFlag>
      <ShpRate>2.137405</ShpRate>
      <BoxzRate>1.984733</BoxzRate>
      <LK>2</LK>
      <CUSLK>100.000000</CUSLK>
      <AK>3</AK>
      <CUSAK>500.000000</CUSAK>
      <Mass>0.171756</Mass>
      <LDMP>1.000000</LDMP>
      <ADMP>1.000000</ADMP>
      <BTG>-0.090000</BTG>
      <DMPANIML>0.000000</DMPANIML>
      <DMPANIMA>0.000000</DMPANIMA>
      <GROUPIDNUM>1</GROUPIDNUM>
      <GROUPID>2</GROUPID>
      <COLIIDNUM>0</COLIIDNUM>
      <RESTITUTION>0.500000</RESTITUTION>
      <FRICTION>0.500000</FRICTION>
      <FORBIDROT>0</FORBIDROT>
    </RigidElem>
  </Bone>
  <Bone>
    <Name>Hip_Joint</Name>
    <BTKIN>0</BTKIN>
    <RigidElem>
      <ChildName>joint1_Joint</ChildName>
      <ColType>3</ColType>
      <SkipFlag>0</SkipFlag>
      <ShpRate>2.137405</ShpRate>
      <BoxzRate>1.984733</BoxzRate>
      <LK>2</LK>
      <CUSLK>100.000000</CUSLK>
      <AK>3</AK>
      <CUSAK>500.000000</CUSAK>
      <Mass>0.171756</Mass>
      <LDMP>1.000000</LDMP>
      <ADMP>1.000000</ADMP>
      <BTG>-0.090000</BTG>
      <DMPANIML>0.000000</DMPANIML>
      <DMPANIMA>0.000000</DMPANIMA>
      <GROUPIDNUM>1</GROUPIDNUM>
      <GROUPID>3</GROUPID>
      <COLIIDNUM>1</COLIIDNUM>
      <COLIID>2</COLIID>
      <RESTITUTION>0.500000</RESTITUTION>
      <FRICTION>0.500000</FRICTION>
      <FORBIDROT>0</FORBIDROT>
    </RigidElem>
  </Bone>
  <Bone>
    <Name>joint1_Joint</Name>
    <BTKIN>0</BTKIN>
    <RigidElem>
      <ChildName>joint2_Joint</ChildName>
      <ColType>3</ColType>
      <SkipFlag>0</SkipFlag>
      <ShpRate>2.137405</ShpRate>
      <BoxzRate>1.984733</BoxzRate>
      <LK>2</LK>
      <CUSLK>100.000000</CUSLK>
      <AK>3</AK>
      <CUSAK>1952.988525</CUSAK>
      <Mass>0.171756</Mass>
      <LDMP>1.000000</LDMP>
      <ADMP>1.000000</ADMP>
      <BTG>-0.090000</BTG>
      <DMPANIML>0.000000</DMPANIML>
      <DMPANIMA>0.000000</DMPANIMA>
      <GROUPIDNUM>1</GROUPIDNUM>
      <GROUPID>3</GROUPID>
      <COLIIDNUM>1</COLIIDNUM>
      <COLIID>2</COLIID>
      <RESTITUTION>0.500000</RESTITUTION>
      <FRICTION>0.500000</FRICTION>
      <FORBIDROT>0</FORBIDROT>
    </RigidElem>
  </Bone>
  <Bone>
    <Name>joint2_Joint</Name>
    <BTKIN>0</BTKIN>
    <RigidElem>
      <ChildName>joint3_Joint</ChildName>
      <ColType>3</ColType>
      <SkipFlag>0</SkipFlag>
      <ShpRate>2.137405</ShpRate>
      <BoxzRate>1.984733</BoxzRate>
      <LK>2</LK>
      <CUSLK>100.000000</CUSLK>
      <AK>3</AK>
      <CUSAK>1952.988525</CUSAK>
      <Mass>0.171756</Mass>
      <LDMP>1.000000</LDMP>
      <ADMP>1.000000</ADMP>
      <BTG>-0.090000</BTG>
      <DMPANIML>0.000000</DMPANIML>
      <DMPANIMA>0.000000</DMPANIMA>
      <GROUPIDNUM>1</GROUPIDNUM>
      <GROUPID>3</GROUPID>
      <COLIIDNUM>1</COLIIDNUM>
      <COLIID>2</COLIID>
      <RESTITUTION>0.500000</RESTITUTION>
      <FRICTION>0.500000</FRICTION>
      <FORBIDROT>0</FORBIDROT>
    </RigidElem>
  </Bone>
  <Bone>
    <Name>joint3_Joint</Name>
    <BTKIN>0</BTKIN>
    <RigidElem>
      <ChildName>joint4_Joint</ChildName>
      <ColType>3</ColType>
      <SkipFlag>0</SkipFlag>
      <ShpRate>2.137405</ShpRate>
      <BoxzRate>1.984733</BoxzRate>
      <LK>2</LK>
      <CUSLK>100.000000</CUSLK>
      <AK>3</AK>
      <CUSAK>500.000000</CUSAK>
      <Mass>0.171756</Mass>
      <LDMP>1.000000</LDMP>
      <ADMP>1.000000</ADMP>
      <BTG>-0.090000</BTG>
      <DMPANIML>0.000000</DMPANIML>
      <DMPANIMA>0.000000</DMPANIMA>
      <GROUPIDNUM>1</GROUPIDNUM>
      <GROUPID>3</GROUPID>
      <COLIIDNUM>1</COLIIDNUM>
      <COLIID>2</COLIID>
      <RESTITUTION>0.500000</RESTITUTION>
      <FRICTION>0.500000</FRICTION>
      <FORBIDROT>0</FORBIDROT>
    </RigidElem>
  </Bone>
  <Bone>
    <Name>joint4_Joint</Name>
    <BTKIN>0</BTKIN>
    <RigidElem>
      <ChildName>joint5_Joint</ChildName>
      <ColType>3</ColType>
      <SkipFlag>0</SkipFlag>
      <ShpRate>2.137405</ShpRate>
      <BoxzRate>1.984733</BoxzRate>
      <LK>2</LK>
      <CUSLK>100.000000</CUSLK>
      <AK>3</AK>
      <CUSAK>1952.988525</CUSAK>
      <Mass>0.171756</Mass>
      <LDMP>1.000000</LDMP>
      <ADMP>1.000000</ADMP>
      <BTG>-0.090000</BTG>
      <DMPANIML>0.000000</DMPANIML>
      <DMPANIMA>0.000000</DMPANIMA>
      <GROUPIDNUM>1</GROUPIDNUM>
      <GROUPID>3</GROUPID>
      <COLIIDNUM>1</COLIIDNUM>
      <COLIID>2</COLIID>
      <RESTITUTION>0.500000</RESTITUTION>
      <FRICTION>0.500000</FRICTION>
      <FORBIDROT>0</FORBIDROT>
    </RigidElem>
  </Bone>
  <Bone>
    <Name>joint5_Joint</Name>
    <BTKIN>0</BTKIN>
    <RigidElem>
      <ChildName>joint6_Joint</ChildName>
      <ColType>3</ColType>
      <SkipFlag>0</SkipFlag>
      <ShpRate>2.137405</ShpRate>
      <BoxzRate>1.984733</BoxzRate>
      <LK>2</LK>
      <CUSLK>100.000000</CUSLK>
      <AK>3</AK>
      <CUSAK>500.000000</CUSAK>
      <Mass>0.171756</Mass>
      <LDMP>1.000000</LDMP>
      <ADMP>1.000000</ADMP>
      <BTG>-0.090000</BTG>
      <DMPANIML>0.000000</DMPANIML>
      <DMPANIMA>0.000000</DMPANIMA>
      <GROUPIDNUM>1</GROUPIDNUM>
      <GROUPID>3</GROUPID>
      <COLIIDNUM>1</COLIIDNUM>
      <COLIID>2</COLIID>
      <RESTITUTION>0.500000</RESTITUTION>
      <FRICTION>0.500000</FRICTION>
      <FORBIDROT>0</FORBIDROT>
    </RigidElem>
  </Bone>
  <Bone>
    <Name>joint6_Joint</Name>
    <BTKIN>0</BTKIN>
    <RigidElem>
      <ChildName>joint7_Joint</ChildName>
      <ColType>3</ColType>
      <SkipFlag>0</SkipFlag>
      <ShpRate>2.137405</ShpRate>
      <BoxzRate>1.984733</BoxzRate>
      <LK>2</LK>
      <CUSLK>100.000000</CUSLK>
      <AK>3</AK>
      <CUSAK>1952.988525</CUSAK>
      <Mass>0.171756</Mass>
      <LDMP>1.000000</LDMP>
      <ADMP>1.000000</ADMP>
      <BTG>-0.090000</BTG>
      <DMPANIML>0.000000</DMPANIML>
      <DMPANIMA>0.000000</DMPANIMA>
      <GROUPIDNUM>1</GROUPIDNUM>
      <GROUPID>3</GROUPID>
      <COLIIDNUM>1</COLIIDNUM>
      <COLIID>2</COLIID>
      <RESTITUTION>0.500000</RESTITUTION>
      <FRICTION>0.500000</FRICTION>
      <FORBIDROT>0</FORBIDROT>
    </RigidElem>
  </Bone>
  <Bone>
    <Name>joint7_Joint</Name>
    <BTKIN>0</BTKIN>
    <RigidElem>
      <ChildName>joint8_Joint</ChildName>
      <ColType>3</ColType>
      <SkipFlag>0</SkipFlag>
      <ShpRate>2.137405</ShpRate>
      <BoxzRate>1.984733</BoxzRate>
      <LK>2</LK>
      <CUSLK>100.000000</CUSLK>
      <AK>3</AK>
      <CUSAK>1952.988525</CUSAK>
      <Mass>0.171756</Mass>
      <LDMP>1.000000</LDMP>
      <ADMP>1.000000</ADMP>
      <BTG>-0.090000</BTG>
      <DMPANIML>0.000000</DMPANIML>
      <DMPANIMA>0.000000</DMPANIMA>
      <GROUPIDNUM>1</GROUPIDNUM>
      <GROUPID>3</GROUPID>
      <COLIIDNUM>0</COLIIDNUM>
      <RESTITUTION>0.500000</RESTITUTION>
      <FRICTION>0.500000</FRICTION>
      <FORBIDROT>0</FORBIDROT>
    </RigidElem>
  </Bone>
  <Bone>
    <Name>joint8_Joint</Name>
    <BTKIN>0</BTKIN>
    <RigidElem>
      <ChildName>joint9_Joint</ChildName>
      <ColType>3</ColType>
      <SkipFlag>0</SkipFlag>
      <ShpRate>2.137405</ShpRate>
      <BoxzRate>1.984733</BoxzRate>
      <LK>2</LK>
      <CUSLK>100.000000</CUSLK>
      <AK>3</AK>
      <CUSAK>1952.988525</CUSAK>
      <Mass>0.171756</Mass>
      <LDMP>1.000000</LDMP>
      <ADMP>1.000000</ADMP>
      <BTG>-0.090000</BTG>
      <DMPANIML>0.000000</DMPANIML>
      <DMPANIMA>0.000000</DMPANIMA>
      <GROUPIDNUM>1</GROUPIDNUM>
      <GROUPID>3</GROUPID>
      <COLIIDNUM>0</COLIIDNUM>
      <RESTITUTION>0.500000</RESTITUTION>
      <FRICTION>0.500000</FRICTION>
      <FORBIDROT>0</FORBIDROT>
    </RigidElem>
  </Bone>
  <Bone>
    <Name>joint9_Joint</Name>
    <BTKIN>1</BTKIN>
    <RigidElem>
      <ChildName>joint10_Joint</ChildName>
      <ColType>3</ColType>
      <SkipFlag>0</SkipFlag>
      <ShpRate>2.137405</ShpRate>
      <BoxzRate>1.984733</BoxzRate>
      <LK>2</LK>
      <CUSLK>100.000000</CUSLK>
      <AK>3</AK>
      <CUSAK>1203.488525</CUSAK>
      <Mass>0.171756</Mass>
      <LDMP>1.000000</LDMP>
      <ADMP>1.000000</ADMP>
      <BTG>-0.090000</BTG>
      <DMPANIML>0.000000</DMPANIML>
      <DMPANIMA>0.000000</DMPANIMA>
      <GROUPIDNUM>2</GROUPIDNUM>
      <GROUPID>1</GROUPID>
      <GROUPID>2</GROUPID>
      <COLIIDNUM>1</COLIIDNUM>
      <COLIID>1</COLIID>
      <RESTITUTION>0.500000</RESTITUTION>
      <FRICTION>0.500000</FRICTION>
      <FORBIDROT>0</FORBIDROT>
    </RigidElem>
  </Bone>
  <Bone>
    <Name>joint10_Joint</Name>
    <BTKIN>1</BTKIN>
    <RigidElem>
      <ChildName>joint11_Joint</ChildName>
      <ColType>3</ColType>
      <SkipFlag>0</SkipFlag>
      <ShpRate>2.137405</ShpRate>
      <BoxzRate>1.984733</BoxzRate>
      <LK>2</LK>
      <CUSLK>100.000000</CUSLK>
      <AK>3</AK>
      <CUSAK>1952.988525</CUSAK>
      <Mass>0.171756</Mass>
      <LDMP>1.000000</LDMP>
      <ADMP>1.000000</ADMP>
      <BTG>-0.090000</BTG>
      <DMPANIML>0.000000</DMPANIML>
      <DMPANIMA>0.000000</DMPANIMA>
      <GROUPIDNUM>2</GROUPIDNUM>
      <GROUPID>1</GROUPID>
      <GROUPID>2</GROUPID>
      <COLIIDNUM>1</COLIIDNUM>
      <COLIID>1</COLIID>
      <RESTITUTION>0.500000</RESTITUTION>
      <FRICTION>0.500000</FRICTION>
      <FORBIDROT>0</FORBIDROT>
    </RigidElem>
  </Bone>
  <Bone>
    <Name>joint11_Joint</Name>
    <BTKIN>1</BTKIN>
    <RigidElem>
      <ChildName>joint12_Joint</ChildName>
      <ColType>3</ColType>
      <SkipFlag>0</SkipFlag>
      <ShpRate>2.137405</ShpRate>
      <BoxzRate>1.984733</BoxzRate>
      <LK>2</LK>
      <CUSLK>100.000000</CUSLK>
      <AK>3</AK>
      <CUSAK>1952.988525</CUSAK>
      <Mass>0.171756</Mass>
      <LDMP>1.000000</LDMP>
      <ADMP>1.000000</ADMP>
      <BTG>-0.090000</BTG>
      <DMPANIML>0.000000</DMPANIML>
      <DMPANIMA>0.000000</DMPANIMA>
      <GROUPIDNUM>2</GROUPIDNUM>
      <GROUPID>1</GROUPID>
      <GROUPID>2</GROUPID>
      <COLIIDNUM>1</COLIIDNUM>
      <COLIID>1</COLIID>
      <RESTITUTION>0.500000</RESTITUTION>
      <FRICTION>0.500000</FRICTION>
      <FORBIDROT>0</FORBIDROT>
    </RigidElem>
  </Bone>
  <Bone>
    <Name>joint12_Joint</Name>
    <BTKIN>1</BTKIN>
    <RigidElem>
      <ChildName>joint13_Joint</ChildName>
      <ColType>3</ColType>
      <SkipFlag>0</SkipFlag>
      <ShpRate>2.137405</ShpRate>
      <BoxzRate>1.984733</BoxzRate>
      <LK>2</LK>
      <CUSLK>100.000000</CUSLK>
      <AK>3</AK>
      <CUSAK>1952.988525</CUSAK>
      <Mass>0.171756</Mass>
      <LDMP>1.000000</LDMP>
      <ADMP>1.000000</ADMP>
      <BTG>-0.090000</BTG>
      <DMPANIML>0.000000</DMPANIML>
      <DMPANIMA>0.000000</DMPANIMA>
      <GROUPIDNUM>2</GROUPIDNUM>
      <GROUPID>1</GROUPID>
      <GROUPID>2</GROUPID>
      <COLIIDNUM>1</COLIIDNUM>
      <COLIID>1</COLIID>
      <RESTITUTION>0.500000</RESTITUTION>
      <FRICTION>0.500000</FRICTION>
      <FORBIDROT>0</FORBIDROT>
    </RigidElem>
  </Bone>
</RIGIDELEM>
