<?xml version="1.0" encoding="Shift_JIS"?>
<RIGIDELEM>
    <FileInfo>1002-01</FileInfo>
    <SCBTG>9.070000</SCBTG>
  <Bone>
    <Name>Hips_Joint</Name>
    <BTKIN>0</BTKIN>
    <RigidElem>
      <ChildName>Hips_Center_Joint</ChildName>
      <ColType>1</ColType>
      <SkipFlag>1</SkipFlag>
      <ShpRate>0.600000</ShpRate>
      <BoxzRate>0.600000</BoxzRate>
      <LK>2</LK>
      <CUSLK>100.000000</CUSLK>
      <AK>2</AK>
      <CUSAK>0.100000</CUSAK>
      <Mass>1.000000</Mass>
      <LDMP>0.500000</LDMP>
      <ADMP>0.500000</ADMP>
      <BTG>-0.090000</BTG>
      <DMPANIML>0.000000</DMPANIML>
      <DMPANIMA>0.000000</DMPANIMA>
      <GROUPIDNUM>1</GROUPIDNUM>
      <GROUPID>2</GROUPID>
      <COLIIDNUM>1</COLIIDNUM>
      <COLIID>1</COLIID>
      <RESTITUTION>0.500000</RESTITUTION>
      <FRICTION>0.500000</FRICTION>
      <FORBIDROT>0</FORBIDROT>
    </RigidElem>
  </Bone>
  <Bone>
    <Name>Hips_Center_Joint</Name>
    <BTKIN>0</BTKIN>
    <RigidElem>
      <ChildName>Center_UpperLeg[L]_Joint</ChildName>
      <ColType>1</ColType>
      <SkipFlag>1</SkipFlag>
      <ShpRate>0.600000</ShpRate>
      <BoxzRate>0.600000</BoxzRate>
      <LK>2</LK>
      <CUSLK>100.000000</CUSLK>
      <AK>2</AK>
      <CUSAK>0.100000</CUSAK>
      <Mass>1.000000</Mass>
      <LDMP>0.500000</LDMP>
      <ADMP>0.500000</ADMP>
      <BTG>-0.090000</BTG>
      <DMPANIML>0.000000</DMPANIML>
      <DMPANIMA>0.000000</DMPANIMA>
      <GROUPIDNUM>1</GROUPIDNUM>
      <GROUPID>2</GROUPID>
      <COLIIDNUM>1</COLIIDNUM>
      <COLIID>1</COLIID>
      <RESTITUTION>0.500000</RESTITUTION>
      <FRICTION>0.500000</FRICTION>
      <FORBIDROT>0</FORBIDROT>
    </RigidElem>
    <RigidElem>
      <ChildName>Center_UpperLeg[R]_Joint</ChildName>
      <ColType>1</ColType>
      <SkipFlag>1</SkipFlag>
      <ShpRate>0.600000</ShpRate>
      <BoxzRate>0.600000</BoxzRate>
      <LK>2</LK>
      <CUSLK>100.000000</CUSLK>
      <AK>2</AK>
      <CUSAK>0.100000</CUSAK>
      <Mass>1.000000</Mass>
      <LDMP>0.500000</LDMP>
      <ADMP>0.500000</ADMP>
      <BTG>-0.090000</BTG>
      <DMPANIML>0.000000</DMPANIML>
      <DMPANIMA>0.000000</DMPANIMA>
      <GROUPIDNUM>1</GROUPIDNUM>
      <GROUPID>2</GROUPID>
      <COLIIDNUM>1</COLIIDNUM>
      <COLIID>1</COLIID>
      <RESTITUTION>0.500000</RESTITUTION>
      <FRICTION>0.500000</FRICTION>
      <FORBIDROT>0</FORBIDROT>
    </RigidElem>
    <RigidElem>
      <ChildName>Center_Spine1_Joint</ChildName>
      <ColType>1</ColType>
      <SkipFlag>1</SkipFlag>
      <ShpRate>0.600000</ShpRate>
      <BoxzRate>0.600000</BoxzRate>
      <LK>2</LK>
      <CUSLK>100.000000</CUSLK>
      <AK>2</AK>
      <CUSAK>0.100000</CUSAK>
      <Mass>1.000000</Mass>
      <LDMP>0.500000</LDMP>
      <ADMP>0.500000</ADMP>
      <BTG>-0.090000</BTG>
      <DMPANIML>0.000000</DMPANIML>
      <DMPANIMA>0.000000</DMPANIMA>
      <GROUPIDNUM>1</GROUPIDNUM>
      <GROUPID>2</GROUPID>
      <COLIIDNUM>1</COLIIDNUM>
      <COLIID>1</COLIID>
      <RESTITUTION>0.500000</RESTITUTION>
      <FRICTION>0.500000</FRICTION>
      <FORBIDROT>0</FORBIDROT>
    </RigidElem>
  </Bone>
  <Bone>
    <Name>Center_UpperLeg[L]_Joint</Name>
    <BTKIN>0</BTKIN>
    <RigidElem>
      <ChildName>UpperLeg[L]_LowerLeg[L]_Joint</ChildName>
      <ColType>1</ColType>
      <SkipFlag>1</SkipFlag>
      <ShpRate>0.600000</ShpRate>
      <BoxzRate>0.600000</BoxzRate>
      <LK>2</LK>
      <CUSLK>100.000000</CUSLK>
      <AK>2</AK>
      <CUSAK>0.100000</CUSAK>
      <Mass>1.000000</Mass>
      <LDMP>0.500000</LDMP>
      <ADMP>0.500000</ADMP>
      <BTG>-0.090000</BTG>
      <DMPANIML>0.000000</DMPANIML>
      <DMPANIMA>0.000000</DMPANIMA>
      <GROUPIDNUM>1</GROUPIDNUM>
      <GROUPID>2</GROUPID>
      <COLIIDNUM>1</COLIIDNUM>
      <COLIID>1</COLIID>
      <RESTITUTION>0.500000</RESTITUTION>
      <FRICTION>0.500000</FRICTION>
      <FORBIDROT>0</FORBIDROT>
    </RigidElem>
  </Bone>
  <Bone>
    <Name>UpperLeg[L]_LowerLeg[L]_Joint</Name>
    <BTKIN>0</BTKIN>
    <RigidElem>
      <ChildName>LowerLeg[L]_Foot[L]_Joint</ChildName>
      <ColType>1</ColType>
      <SkipFlag>1</SkipFlag>
      <ShpRate>0.600000</ShpRate>
      <BoxzRate>0.600000</BoxzRate>
      <LK>2</LK>
      <CUSLK>100.000000</CUSLK>
      <AK>2</AK>
      <CUSAK>0.100000</CUSAK>
      <Mass>1.000000</Mass>
      <LDMP>0.500000</LDMP>
      <ADMP>0.500000</ADMP>
      <BTG>-0.090000</BTG>
      <DMPANIML>0.000000</DMPANIML>
      <DMPANIMA>0.000000</DMPANIMA>
      <GROUPIDNUM>1</GROUPIDNUM>
      <GROUPID>2</GROUPID>
      <COLIIDNUM>1</COLIIDNUM>
      <COLIID>1</COLIID>
      <RESTITUTION>0.500000</RESTITUTION>
      <FRICTION>0.500000</FRICTION>
      <FORBIDROT>0</FORBIDROT>
    </RigidElem>
  </Bone>
  <Bone>
    <Name>LowerLeg[L]_Foot[L]_Joint</Name>
    <BTKIN>0</BTKIN>
    <RigidElem>
      <ChildName>Foot[L]_ToeBase[L]_Joint</ChildName>
      <ColType>1</ColType>
      <SkipFlag>1</SkipFlag>
      <ShpRate>0.600000</ShpRate>
      <BoxzRate>0.600000</BoxzRate>
      <LK>2</LK>
      <CUSLK>100.000000</CUSLK>
      <AK>2</AK>
      <CUSAK>0.100000</CUSAK>
      <Mass>1.000000</Mass>
      <LDMP>0.500000</LDMP>
      <ADMP>0.500000</ADMP>
      <BTG>-0.090000</BTG>
      <DMPANIML>0.000000</DMPANIML>
      <DMPANIMA>0.000000</DMPANIMA>
      <GROUPIDNUM>1</GROUPIDNUM>
      <GROUPID>2</GROUPID>
      <COLIIDNUM>1</COLIIDNUM>
      <COLIID>1</COLIID>
      <RESTITUTION>0.500000</RESTITUTION>
      <FRICTION>0.500000</FRICTION>
      <FORBIDROT>0</FORBIDROT>
    </RigidElem>
  </Bone>
  <Bone>
    <Name>Foot[L]_ToeBase[L]_Joint</Name>
    <BTKIN>0</BTKIN>
    <RigidElem>
      <ChildName>ToeBase[L]_Joint</ChildName>
      <ColType>1</ColType>
      <SkipFlag>1</SkipFlag>
      <ShpRate>0.600000</ShpRate>
      <BoxzRate>0.600000</BoxzRate>
      <LK>2</LK>
      <CUSLK>100.000000</CUSLK>
      <AK>2</AK>
      <CUSAK>0.100000</CUSAK>
      <Mass>1.000000</Mass>
      <LDMP>0.500000</LDMP>
      <ADMP>0.500000</ADMP>
      <BTG>-0.090000</BTG>
      <DMPANIML>0.000000</DMPANIML>
      <DMPANIMA>0.000000</DMPANIMA>
      <GROUPIDNUM>1</GROUPIDNUM>
      <GROUPID>2</GROUPID>
      <COLIIDNUM>1</COLIIDNUM>
      <COLIID>1</COLIID>
      <RESTITUTION>0.500000</RESTITUTION>
      <FRICTION>0.500000</FRICTION>
      <FORBIDROT>0</FORBIDROT>
    </RigidElem>
  </Bone>
  <Bone>
    <Name>Center_UpperLeg[R]_Joint</Name>
    <BTKIN>0</BTKIN>
    <RigidElem>
      <ChildName>UpperLeg[R]_LowerLeg[R]_Joint</ChildName>
      <ColType>1</ColType>
      <SkipFlag>1</SkipFlag>
      <ShpRate>0.600000</ShpRate>
      <BoxzRate>0.600000</BoxzRate>
      <LK>2</LK>
      <CUSLK>100.000000</CUSLK>
      <AK>2</AK>
      <CUSAK>0.100000</CUSAK>
      <Mass>1.000000</Mass>
      <LDMP>0.500000</LDMP>
      <ADMP>0.500000</ADMP>
      <BTG>-0.090000</BTG>
      <DMPANIML>0.000000</DMPANIML>
      <DMPANIMA>0.000000</DMPANIMA>
      <GROUPIDNUM>1</GROUPIDNUM>
      <GROUPID>2</GROUPID>
      <COLIIDNUM>1</COLIIDNUM>
      <COLIID>1</COLIID>
      <RESTITUTION>0.500000</RESTITUTION>
      <FRICTION>0.500000</FRICTION>
      <FORBIDROT>0</FORBIDROT>
    </RigidElem>
  </Bone>
  <Bone>
    <Name>UpperLeg[R]_LowerLeg[R]_Joint</Name>
    <BTKIN>0</BTKIN>
    <RigidElem>
      <ChildName>LowerLeg[R]_Foot[R]_Joint</ChildName>
      <ColType>1</ColType>
      <SkipFlag>1</SkipFlag>
      <ShpRate>0.600000</ShpRate>
      <BoxzRate>0.600000</BoxzRate>
      <LK>2</LK>
      <CUSLK>100.000000</CUSLK>
      <AK>2</AK>
      <CUSAK>0.100000</CUSAK>
      <Mass>1.000000</Mass>
      <LDMP>0.500000</LDMP>
      <ADMP>0.500000</ADMP>
      <BTG>-0.090000</BTG>
      <DMPANIML>0.000000</DMPANIML>
      <DMPANIMA>0.000000</DMPANIMA>
      <GROUPIDNUM>1</GROUPIDNUM>
      <GROUPID>2</GROUPID>
      <COLIIDNUM>1</COLIIDNUM>
      <COLIID>1</COLIID>
      <RESTITUTION>0.500000</RESTITUTION>
      <FRICTION>0.500000</FRICTION>
      <FORBIDROT>0</FORBIDROT>
    </RigidElem>
  </Bone>
  <Bone>
    <Name>LowerLeg[R]_Foot[R]_Joint</Name>
    <BTKIN>0</BTKIN>
    <RigidElem>
      <ChildName>Foot[R]_ToeBase[R]_Joint</ChildName>
      <ColType>1</ColType>
      <SkipFlag>1</SkipFlag>
      <ShpRate>0.600000</ShpRate>
      <BoxzRate>0.600000</BoxzRate>
      <LK>2</LK>
      <CUSLK>100.000000</CUSLK>
      <AK>2</AK>
      <CUSAK>0.100000</CUSAK>
      <Mass>1.000000</Mass>
      <LDMP>0.500000</LDMP>
      <ADMP>0.500000</ADMP>
      <BTG>-0.090000</BTG>
      <DMPANIML>0.000000</DMPANIML>
      <DMPANIMA>0.000000</DMPANIMA>
      <GROUPIDNUM>1</GROUPIDNUM>
      <GROUPID>2</GROUPID>
      <COLIIDNUM>1</COLIIDNUM>
      <COLIID>1</COLIID>
      <RESTITUTION>0.500000</RESTITUTION>
      <FRICTION>0.500000</FRICTION>
      <FORBIDROT>0</FORBIDROT>
    </RigidElem>
  </Bone>
  <Bone>
    <Name>Foot[R]_ToeBase[R]_Joint</Name>
    <BTKIN>0</BTKIN>
    <RigidElem>
      <ChildName>ToeBase[R]_Joint</ChildName>
      <ColType>1</ColType>
      <SkipFlag>1</SkipFlag>
      <ShpRate>0.600000</ShpRate>
      <BoxzRate>0.600000</BoxzRate>
      <LK>2</LK>
      <CUSLK>100.000000</CUSLK>
      <AK>2</AK>
      <CUSAK>0.100000</CUSAK>
      <Mass>1.000000</Mass>
      <LDMP>0.500000</LDMP>
      <ADMP>0.500000</ADMP>
      <BTG>-0.090000</BTG>
      <DMPANIML>0.000000</DMPANIML>
      <DMPANIMA>0.000000</DMPANIMA>
      <GROUPIDNUM>1</GROUPIDNUM>
      <GROUPID>2</GROUPID>
      <COLIIDNUM>1</COLIIDNUM>
      <COLIID>1</COLIID>
      <RESTITUTION>0.500000</RESTITUTION>
      <FRICTION>0.500000</FRICTION>
      <FORBIDROT>0</FORBIDROT>
    </RigidElem>
  </Bone>
  <Bone>
    <Name>Center_Spine1_Joint</Name>
    <BTKIN>0</BTKIN>
    <RigidElem>
      <ChildName>Spine1_Spine2_Joint</ChildName>
      <ColType>1</ColType>
      <SkipFlag>1</SkipFlag>
      <ShpRate>0.600000</ShpRate>
      <BoxzRate>0.600000</BoxzRate>
      <LK>2</LK>
      <CUSLK>100.000000</CUSLK>
      <AK>2</AK>
      <CUSAK>0.100000</CUSAK>
      <Mass>1.000000</Mass>
      <LDMP>0.500000</LDMP>
      <ADMP>0.500000</ADMP>
      <BTG>-0.090000</BTG>
      <DMPANIML>0.000000</DMPANIML>
      <DMPANIMA>0.000000</DMPANIMA>
      <GROUPIDNUM>1</GROUPIDNUM>
      <GROUPID>2</GROUPID>
      <COLIIDNUM>1</COLIIDNUM>
      <COLIID>1</COLIID>
      <RESTITUTION>0.500000</RESTITUTION>
      <FRICTION>0.500000</FRICTION>
      <FORBIDROT>0</FORBIDROT>
    </RigidElem>
    <RigidElem>
      <ChildName>Spine1_Guitar_Joint</ChildName>
      <ColType>1</ColType>
      <SkipFlag>1</SkipFlag>
      <ShpRate>0.600000</ShpRate>
      <BoxzRate>0.600000</BoxzRate>
      <LK>2</LK>
      <CUSLK>100.000000</CUSLK>
      <AK>2</AK>
      <CUSAK>0.100000</CUSAK>
      <Mass>1.000000</Mass>
      <LDMP>0.500000</LDMP>
      <ADMP>0.500000</ADMP>
      <BTG>-0.090000</BTG>
      <DMPANIML>0.000000</DMPANIML>
      <DMPANIMA>0.000000</DMPANIMA>
      <GROUPIDNUM>1</GROUPIDNUM>
      <GROUPID>2</GROUPID>
      <COLIIDNUM>1</COLIIDNUM>
      <COLIID>1</COLIID>
      <RESTITUTION>0.500000</RESTITUTION>
      <FRICTION>0.500000</FRICTION>
      <FORBIDROT>0</FORBIDROT>
    </RigidElem>
  </Bone>
  <Bone>
    <Name>Spine1_Spine2_Joint</Name>
    <BTKIN>0</BTKIN>
    <RigidElem>
      <ChildName>Spine2_Neck_Joint</ChildName>
      <ColType>1</ColType>
      <SkipFlag>1</SkipFlag>
      <ShpRate>0.600000</ShpRate>
      <BoxzRate>0.600000</BoxzRate>
      <LK>2</LK>
      <CUSLK>100.000000</CUSLK>
      <AK>2</AK>
      <CUSAK>0.100000</CUSAK>
      <Mass>1.000000</Mass>
      <LDMP>0.500000</LDMP>
      <ADMP>0.500000</ADMP>
      <BTG>-0.090000</BTG>
      <DMPANIML>0.000000</DMPANIML>
      <DMPANIMA>0.000000</DMPANIMA>
      <GROUPIDNUM>1</GROUPIDNUM>
      <GROUPID>2</GROUPID>
      <COLIIDNUM>1</COLIIDNUM>
      <COLIID>1</COLIID>
      <RESTITUTION>0.500000</RESTITUTION>
      <FRICTION>0.500000</FRICTION>
      <FORBIDROT>0</FORBIDROT>
    </RigidElem>
  </Bone>
  <Bone>
    <Name>Spine2_Neck_Joint</Name>
    <BTKIN>0</BTKIN>
    <RigidElem>
      <ChildName>Neck_Shoulder[L]_Joint</ChildName>
      <ColType>1</ColType>
      <SkipFlag>1</SkipFlag>
      <ShpRate>0.600000</ShpRate>
      <BoxzRate>0.600000</BoxzRate>
      <LK>2</LK>
      <CUSLK>100.000000</CUSLK>
      <AK>2</AK>
      <CUSAK>0.100000</CUSAK>
      <Mass>1.000000</Mass>
      <LDMP>0.500000</LDMP>
      <ADMP>0.500000</ADMP>
      <BTG>-0.090000</BTG>
      <DMPANIML>0.000000</DMPANIML>
      <DMPANIMA>0.000000</DMPANIMA>
      <GROUPIDNUM>1</GROUPIDNUM>
      <GROUPID>2</GROUPID>
      <COLIIDNUM>1</COLIIDNUM>
      <COLIID>1</COLIID>
      <RESTITUTION>0.500000</RESTITUTION>
      <FRICTION>0.500000</FRICTION>
      <FORBIDROT>0</FORBIDROT>
    </RigidElem>
    <RigidElem>
      <ChildName>Neck_Shoulder[R]_Joint</ChildName>
      <ColType>1</ColType>
      <SkipFlag>1</SkipFlag>
      <ShpRate>0.600000</ShpRate>
      <BoxzRate>0.600000</BoxzRate>
      <LK>2</LK>
      <CUSLK>100.000000</CUSLK>
      <AK>2</AK>
      <CUSAK>0.100000</CUSAK>
      <Mass>1.000000</Mass>
      <LDMP>0.500000</LDMP>
      <ADMP>0.500000</ADMP>
      <BTG>-0.090000</BTG>
      <DMPANIML>0.000000</DMPANIML>
      <DMPANIMA>0.000000</DMPANIMA>
      <GROUPIDNUM>1</GROUPIDNUM>
      <GROUPID>2</GROUPID>
      <COLIIDNUM>1</COLIIDNUM>
      <COLIID>1</COLIID>
      <RESTITUTION>0.500000</RESTITUTION>
      <FRICTION>0.500000</FRICTION>
      <FORBIDROT>0</FORBIDROT>
    </RigidElem>
    <RigidElem>
      <ChildName>Neck_Head_Joint</ChildName>
      <ColType>1</ColType>
      <SkipFlag>1</SkipFlag>
      <ShpRate>0.600000</ShpRate>
      <BoxzRate>0.600000</BoxzRate>
      <LK>2</LK>
      <CUSLK>100.000000</CUSLK>
      <AK>2</AK>
      <CUSAK>0.100000</CUSAK>
      <Mass>1.000000</Mass>
      <LDMP>0.500000</LDMP>
      <ADMP>0.500000</ADMP>
      <BTG>-0.090000</BTG>
      <DMPANIML>0.000000</DMPANIML>
      <DMPANIMA>0.000000</DMPANIMA>
      <GROUPIDNUM>1</GROUPIDNUM>
      <GROUPID>2</GROUPID>
      <COLIIDNUM>1</COLIIDNUM>
      <COLIID>1</COLIID>
      <RESTITUTION>0.500000</RESTITUTION>
      <FRICTION>0.500000</FRICTION>
      <FORBIDROT>0</FORBIDROT>
    </RigidElem>
  </Bone>
  <Bone>
    <Name>Neck_Shoulder[L]_Joint</Name>
    <BTKIN>0</BTKIN>
    <RigidElem>
      <ChildName>Shoulder[L]_Arm[L]_Joint</ChildName>
      <ColType>1</ColType>
      <SkipFlag>1</SkipFlag>
      <ShpRate>0.600000</ShpRate>
      <BoxzRate>0.600000</BoxzRate>
      <LK>2</LK>
      <CUSLK>100.000000</CUSLK>
      <AK>2</AK>
      <CUSAK>0.100000</CUSAK>
      <Mass>1.000000</Mass>
      <LDMP>0.500000</LDMP>
      <ADMP>0.500000</ADMP>
      <BTG>-0.090000</BTG>
      <DMPANIML>0.000000</DMPANIML>
      <DMPANIMA>0.000000</DMPANIMA>
      <GROUPIDNUM>1</GROUPIDNUM>
      <GROUPID>2</GROUPID>
      <COLIIDNUM>1</COLIIDNUM>
      <COLIID>1</COLIID>
      <RESTITUTION>0.500000</RESTITUTION>
      <FRICTION>0.500000</FRICTION>
      <FORBIDROT>0</FORBIDROT>
    </RigidElem>
  </Bone>
  <Bone>
    <Name>Shoulder[L]_Arm[L]_Joint</Name>
    <BTKIN>0</BTKIN>
    <RigidElem>
      <ChildName>Arm[L]_Hand[L]_Joint</ChildName>
      <ColType>1</ColType>
      <SkipFlag>1</SkipFlag>
      <ShpRate>0.600000</ShpRate>
      <BoxzRate>0.600000</BoxzRate>
      <LK>2</LK>
      <CUSLK>100.000000</CUSLK>
      <AK>2</AK>
      <CUSAK>0.100000</CUSAK>
      <Mass>1.000000</Mass>
      <LDMP>0.500000</LDMP>
      <ADMP>0.500000</ADMP>
      <BTG>-0.090000</BTG>
      <DMPANIML>0.000000</DMPANIML>
      <DMPANIMA>0.000000</DMPANIMA>
      <GROUPIDNUM>1</GROUPIDNUM>
      <GROUPID>2</GROUPID>
      <COLIIDNUM>1</COLIIDNUM>
      <COLIID>1</COLIID>
      <RESTITUTION>0.500000</RESTITUTION>
      <FRICTION>0.500000</FRICTION>
      <FORBIDROT>0</FORBIDROT>
    </RigidElem>
  </Bone>
  <Bone>
    <Name>Arm[L]_Hand[L]_Joint</Name>
    <BTKIN>0</BTKIN>
    <RigidElem>
      <ChildName>Hand[L]_Middle1[L]_Joint</ChildName>
      <ColType>1</ColType>
      <SkipFlag>1</SkipFlag>
      <ShpRate>0.600000</ShpRate>
      <BoxzRate>0.600000</BoxzRate>
      <LK>2</LK>
      <CUSLK>100.000000</CUSLK>
      <AK>2</AK>
      <CUSAK>0.100000</CUSAK>
      <Mass>1.000000</Mass>
      <LDMP>0.500000</LDMP>
      <ADMP>0.500000</ADMP>
      <BTG>-0.090000</BTG>
      <DMPANIML>0.000000</DMPANIML>
      <DMPANIMA>0.000000</DMPANIMA>
      <GROUPIDNUM>1</GROUPIDNUM>
      <GROUPID>2</GROUPID>
      <COLIIDNUM>1</COLIIDNUM>
      <COLIID>1</COLIID>
      <RESTITUTION>0.500000</RESTITUTION>
      <FRICTION>0.500000</FRICTION>
      <FORBIDROT>0</FORBIDROT>
    </RigidElem>
  </Bone>
  <Bone>
    <Name>Hand[L]_Middle1[L]_Joint</Name>
    <BTKIN>0</BTKIN>
    <RigidElem>
      <ChildName>Middle1[L]_Middle2[L]_Joint</ChildName>
      <ColType>1</ColType>
      <SkipFlag>1</SkipFlag>
      <ShpRate>0.600000</ShpRate>
      <BoxzRate>0.600000</BoxzRate>
      <LK>2</LK>
      <CUSLK>100.000000</CUSLK>
      <AK>2</AK>
      <CUSAK>0.100000</CUSAK>
      <Mass>1.000000</Mass>
      <LDMP>0.500000</LDMP>
      <ADMP>0.500000</ADMP>
      <BTG>-0.090000</BTG>
      <DMPANIML>0.000000</DMPANIML>
      <DMPANIMA>0.000000</DMPANIMA>
      <GROUPIDNUM>1</GROUPIDNUM>
      <GROUPID>2</GROUPID>
      <COLIIDNUM>1</COLIIDNUM>
      <COLIID>1</COLIID>
      <RESTITUTION>0.500000</RESTITUTION>
      <FRICTION>0.500000</FRICTION>
      <FORBIDROT>0</FORBIDROT>
    </RigidElem>
  </Bone>
  <Bone>
    <Name>Middle1[L]_Middle2[L]_Joint</Name>
    <BTKIN>0</BTKIN>
    <RigidElem>
      <ChildName>Middle2[L]_Joint</ChildName>
      <ColType>1</ColType>
      <SkipFlag>1</SkipFlag>
      <ShpRate>0.600000</ShpRate>
      <BoxzRate>0.600000</BoxzRate>
      <LK>2</LK>
      <CUSLK>100.000000</CUSLK>
      <AK>2</AK>
      <CUSAK>0.100000</CUSAK>
      <Mass>1.000000</Mass>
      <LDMP>0.500000</LDMP>
      <ADMP>0.500000</ADMP>
      <BTG>-0.090000</BTG>
      <DMPANIML>0.000000</DMPANIML>
      <DMPANIMA>0.000000</DMPANIMA>
      <GROUPIDNUM>1</GROUPIDNUM>
      <GROUPID>2</GROUPID>
      <COLIIDNUM>1</COLIIDNUM>
      <COLIID>1</COLIID>
      <RESTITUTION>0.500000</RESTITUTION>
      <FRICTION>0.500000</FRICTION>
      <FORBIDROT>0</FORBIDROT>
    </RigidElem>
  </Bone>
  <Bone>
    <Name>Neck_Shoulder[R]_Joint</Name>
    <BTKIN>0</BTKIN>
    <RigidElem>
      <ChildName>Shoulder[R]_Arm[R]_Joint</ChildName>
      <ColType>1</ColType>
      <SkipFlag>1</SkipFlag>
      <ShpRate>0.600000</ShpRate>
      <BoxzRate>0.600000</BoxzRate>
      <LK>2</LK>
      <CUSLK>100.000000</CUSLK>
      <AK>2</AK>
      <CUSAK>0.100000</CUSAK>
      <Mass>1.000000</Mass>
      <LDMP>0.500000</LDMP>
      <ADMP>0.500000</ADMP>
      <BTG>-0.090000</BTG>
      <DMPANIML>0.000000</DMPANIML>
      <DMPANIMA>0.000000</DMPANIMA>
      <GROUPIDNUM>1</GROUPIDNUM>
      <GROUPID>2</GROUPID>
      <COLIIDNUM>1</COLIIDNUM>
      <COLIID>1</COLIID>
      <RESTITUTION>0.500000</RESTITUTION>
      <FRICTION>0.500000</FRICTION>
      <FORBIDROT>0</FORBIDROT>
    </RigidElem>
  </Bone>
  <Bone>
    <Name>Shoulder[R]_Arm[R]_Joint</Name>
    <BTKIN>0</BTKIN>
    <RigidElem>
      <ChildName>Arm[R]_Hand[R]_Joint</ChildName>
      <ColType>1</ColType>
      <SkipFlag>1</SkipFlag>
      <ShpRate>0.600000</ShpRate>
      <BoxzRate>0.600000</BoxzRate>
      <LK>2</LK>
      <CUSLK>100.000000</CUSLK>
      <AK>2</AK>
      <CUSAK>0.100000</CUSAK>
      <Mass>1.000000</Mass>
      <LDMP>0.500000</LDMP>
      <ADMP>0.500000</ADMP>
      <BTG>-0.090000</BTG>
      <DMPANIML>0.000000</DMPANIML>
      <DMPANIMA>0.000000</DMPANIMA>
      <GROUPIDNUM>1</GROUPIDNUM>
      <GROUPID>2</GROUPID>
      <COLIIDNUM>1</COLIIDNUM>
      <COLIID>1</COLIID>
      <RESTITUTION>0.500000</RESTITUTION>
      <FRICTION>0.500000</FRICTION>
      <FORBIDROT>0</FORBIDROT>
    </RigidElem>
  </Bone>
  <Bone>
    <Name>Arm[R]_Hand[R]_Joint</Name>
    <BTKIN>0</BTKIN>
    <RigidElem>
      <ChildName>Hand[R]_Middle1[R]_Joint</ChildName>
      <ColType>1</ColType>
      <SkipFlag>1</SkipFlag>
      <ShpRate>0.600000</ShpRate>
      <BoxzRate>0.600000</BoxzRate>
      <LK>2</LK>
      <CUSLK>100.000000</CUSLK>
      <AK>2</AK>
      <CUSAK>0.100000</CUSAK>
      <Mass>1.000000</Mass>
      <LDMP>0.500000</LDMP>
      <ADMP>0.500000</ADMP>
      <BTG>-0.090000</BTG>
      <DMPANIML>0.000000</DMPANIML>
      <DMPANIMA>0.000000</DMPANIMA>
      <GROUPIDNUM>1</GROUPIDNUM>
      <GROUPID>2</GROUPID>
      <COLIIDNUM>1</COLIIDNUM>
      <COLIID>1</COLIID>
      <RESTITUTION>0.500000</RESTITUTION>
      <FRICTION>0.500000</FRICTION>
      <FORBIDROT>0</FORBIDROT>
    </RigidElem>
  </Bone>
  <Bone>
    <Name>Hand[R]_Middle1[R]_Joint</Name>
    <BTKIN>0</BTKIN>
    <RigidElem>
      <ChildName>Middle1[R]_Middle2[R]_Joint</ChildName>
      <ColType>1</ColType>
      <SkipFlag>1</SkipFlag>
      <ShpRate>0.600000</ShpRate>
      <BoxzRate>0.600000</BoxzRate>
      <LK>2</LK>
      <CUSLK>100.000000</CUSLK>
      <AK>2</AK>
      <CUSAK>0.100000</CUSAK>
      <Mass>1.000000</Mass>
      <LDMP>0.500000</LDMP>
      <ADMP>0.500000</ADMP>
      <BTG>-0.090000</BTG>
      <DMPANIML>0.000000</DMPANIML>
      <DMPANIMA>0.000000</DMPANIMA>
      <GROUPIDNUM>1</GROUPIDNUM>
      <GROUPID>2</GROUPID>
      <COLIIDNUM>1</COLIIDNUM>
      <COLIID>1</COLIID>
      <RESTITUTION>0.500000</RESTITUTION>
      <FRICTION>0.500000</FRICTION>
      <FORBIDROT>0</FORBIDROT>
    </RigidElem>
  </Bone>
  <Bone>
    <Name>Middle1[R]_Middle2[R]_Joint</Name>
    <BTKIN>0</BTKIN>
    <RigidElem>
      <ChildName>Middle2[R]_Joint</ChildName>
      <ColType>1</ColType>
      <SkipFlag>1</SkipFlag>
      <ShpRate>0.600000</ShpRate>
      <BoxzRate>0.600000</BoxzRate>
      <LK>2</LK>
      <CUSLK>100.000000</CUSLK>
      <AK>2</AK>
      <CUSAK>0.100000</CUSAK>
      <Mass>1.000000</Mass>
      <LDMP>0.500000</LDMP>
      <ADMP>0.500000</ADMP>
      <BTG>-0.090000</BTG>
      <DMPANIML>0.000000</DMPANIML>
      <DMPANIMA>0.000000</DMPANIMA>
      <GROUPIDNUM>1</GROUPIDNUM>
      <GROUPID>2</GROUPID>
      <COLIIDNUM>1</COLIIDNUM>
      <COLIID>1</COLIID>
      <RESTITUTION>0.500000</RESTITUTION>
      <FRICTION>0.500000</FRICTION>
      <FORBIDROT>0</FORBIDROT>
    </RigidElem>
  </Bone>
  <Bone>
    <Name>Neck_Head_Joint</Name>
    <BTKIN>0</BTKIN>
    <RigidElem>
      <ChildName>Head_Mouth_Joint</ChildName>
      <ColType>1</ColType>
      <SkipFlag>1</SkipFlag>
      <ShpRate>0.600000</ShpRate>
      <BoxzRate>0.600000</BoxzRate>
      <LK>2</LK>
      <CUSLK>100.000000</CUSLK>
      <AK>2</AK>
      <CUSAK>0.100000</CUSAK>
      <Mass>1.000000</Mass>
      <LDMP>0.500000</LDMP>
      <ADMP>0.500000</ADMP>
      <BTG>-0.090000</BTG>
      <DMPANIML>0.000000</DMPANIML>
      <DMPANIMA>0.000000</DMPANIMA>
      <GROUPIDNUM>1</GROUPIDNUM>
      <GROUPID>2</GROUPID>
      <COLIIDNUM>1</COLIIDNUM>
      <COLIID>1</COLIID>
      <RESTITUTION>0.500000</RESTITUTION>
      <FRICTION>0.500000</FRICTION>
      <FORBIDROT>0</FORBIDROT>
    </RigidElem>
    <RigidElem>
      <ChildName>Head_Head2_Joint</ChildName>
      <ColType>1</ColType>
      <SkipFlag>1</SkipFlag>
      <ShpRate>0.600000</ShpRate>
      <BoxzRate>0.600000</BoxzRate>
      <LK>2</LK>
      <CUSLK>100.000000</CUSLK>
      <AK>2</AK>
      <CUSAK>0.100000</CUSAK>
      <Mass>1.000000</Mass>
      <LDMP>0.500000</LDMP>
      <ADMP>0.500000</ADMP>
      <BTG>-0.090000</BTG>
      <DMPANIML>0.000000</DMPANIML>
      <DMPANIMA>0.000000</DMPANIMA>
      <GROUPIDNUM>1</GROUPIDNUM>
      <GROUPID>2</GROUPID>
      <COLIIDNUM>1</COLIIDNUM>
      <COLIID>1</COLIID>
      <RESTITUTION>0.500000</RESTITUTION>
      <FRICTION>0.500000</FRICTION>
      <FORBIDROT>0</FORBIDROT>
    </RigidElem>
  </Bone>
  <Bone>
    <Name>Head_Mouth_Joint</Name>
    <BTKIN>0</BTKIN>
    <RigidElem>
      <ChildName>Mouth_Joint</ChildName>
      <ColType>1</ColType>
      <SkipFlag>1</SkipFlag>
      <ShpRate>0.600000</ShpRate>
      <BoxzRate>0.600000</BoxzRate>
      <LK>2</LK>
      <CUSLK>100.000000</CUSLK>
      <AK>2</AK>
      <CUSAK>0.100000</CUSAK>
      <Mass>1.000000</Mass>
      <LDMP>0.500000</LDMP>
      <ADMP>0.500000</ADMP>
      <BTG>-0.090000</BTG>
      <DMPANIML>0.000000</DMPANIML>
      <DMPANIMA>0.000000</DMPANIMA>
      <GROUPIDNUM>1</GROUPIDNUM>
      <GROUPID>2</GROUPID>
      <COLIIDNUM>1</COLIIDNUM>
      <COLIID>1</COLIID>
      <RESTITUTION>0.500000</RESTITUTION>
      <FRICTION>0.500000</FRICTION>
      <FORBIDROT>0</FORBIDROT>
    </RigidElem>
  </Bone>
  <Bone>
    <Name>Head_Head2_Joint</Name>
    <BTKIN>0</BTKIN>
    <RigidElem>
      <ChildName>Head2_Joint</ChildName>
      <ColType>1</ColType>
      <SkipFlag>1</SkipFlag>
      <ShpRate>0.600000</ShpRate>
      <BoxzRate>0.600000</BoxzRate>
      <LK>2</LK>
      <CUSLK>100.000000</CUSLK>
      <AK>2</AK>
      <CUSAK>0.100000</CUSAK>
      <Mass>1.000000</Mass>
      <LDMP>0.500000</LDMP>
      <ADMP>0.500000</ADMP>
      <BTG>-0.090000</BTG>
      <DMPANIML>0.000000</DMPANIML>
      <DMPANIMA>0.000000</DMPANIMA>
      <GROUPIDNUM>1</GROUPIDNUM>
      <GROUPID>2</GROUPID>
      <COLIIDNUM>1</COLIIDNUM>
      <COLIID>1</COLIID>
      <RESTITUTION>0.500000</RESTITUTION>
      <FRICTION>0.500000</FRICTION>
      <FORBIDROT>0</FORBIDROT>
    </RigidElem>
  </Bone>
  <Bone>
    <Name>Spine1_Guitar_Joint</Name>
    <BTKIN>0</BTKIN>
    <RigidElem>
      <ChildName>Guitar_Joint</ChildName>
      <ColType>1</ColType>
      <SkipFlag>1</SkipFlag>
      <ShpRate>0.600000</ShpRate>
      <BoxzRate>0.600000</BoxzRate>
      <LK>2</LK>
      <CUSLK>100.000000</CUSLK>
      <AK>2</AK>
      <CUSAK>0.100000</CUSAK>
      <Mass>1.000000</Mass>
      <LDMP>0.500000</LDMP>
      <ADMP>0.500000</ADMP>
      <BTG>-0.090000</BTG>
      <DMPANIML>0.000000</DMPANIML>
      <DMPANIMA>0.000000</DMPANIMA>
      <GROUPIDNUM>1</GROUPIDNUM>
      <GROUPID>2</GROUPID>
      <COLIIDNUM>1</COLIIDNUM>
      <COLIID>1</COLIID>
      <RESTITUTION>0.500000</RESTITUTION>
      <FRICTION>0.500000</FRICTION>
      <FORBIDROT>0</FORBIDROT>
    </RigidElem>
  </Bone>
</RIGIDELEM>
