<?xml version="1.0" encoding="Shift_JIS"?>
<RIGIDELEM>
    <FileInfo>1002-01</FileInfo>
    <SCBTG>9.070000</SCBTG>
  <Bone>
    <Name>ReplacedName3_Joint</Name>
    <BTKIN>0</BTKIN>
    <RigidElem>
      <ChildName>ReplacedName3_ReplacedName4_Joint</ChildName>
      <ColType>1</ColType>
      <SkipFlag>1</SkipFlag>
      <ShpRate>0.600000</ShpRate>
      <BoxzRate>0.600000</BoxzRate>
      <LK>2</LK>
      <CUSLK>100.000000</CUSLK>
      <AK>2</AK>
      <CUSAK>0.100000</CUSAK>
      <Mass>1.000000</Mass>
      <LDMP>0.500000</LDMP>
      <ADMP>0.500000</ADMP>
      <BTG>-0.090000</BTG>
      <DMPANIML>0.000000</DMPANIML>
      <DMPANIMA>0.000000</DMPANIMA>
      <GROUPIDNUM>1</GROUPIDNUM>
      <GROUPID>2</GROUPID>
      <COLIIDNUM>1</COLIIDNUM>
      <COLIID>1</COLIID>
      <RESTITUTION>0.500000</RESTITUTION>
      <FRICTION>0.500000</FRICTION>
      <FORBIDROT>0</FORBIDROT>
    </RigidElem>
  </Bone>
  <Bone>
    <Name>ReplacedName3_ReplacedName4_Joint</Name>
    <BTKIN>0</BTKIN>
    <RigidElem>
      <ChildName>ReplacedName4_ReplacedName5_Joint</ChildName>
      <ColType>1</ColType>
      <SkipFlag>1</SkipFlag>
      <ShpRate>0.600000</ShpRate>
      <BoxzRate>0.600000</BoxzRate>
      <LK>2</LK>
      <CUSLK>100.000000</CUSLK>
      <AK>2</AK>
      <CUSAK>0.100000</CUSAK>
      <Mass>1.000000</Mass>
      <LDMP>0.500000</LDMP>
      <ADMP>0.500000</ADMP>
      <BTG>-0.090000</BTG>
      <DMPANIML>0.000000</DMPANIML>
      <DMPANIMA>0.000000</DMPANIMA>
      <GROUPIDNUM>1</GROUPIDNUM>
      <GROUPID>2</GROUPID>
      <COLIIDNUM>1</COLIIDNUM>
      <COLIID>1</COLIID>
      <RESTITUTION>0.500000</RESTITUTION>
      <FRICTION>0.500000</FRICTION>
      <FORBIDROT>0</FORBIDROT>
    </RigidElem>
    <RigidElem>
      <ChildName>ReplacedName4_ReplacedName19_Joint</ChildName>
      <ColType>1</ColType>
      <SkipFlag>1</SkipFlag>
      <ShpRate>0.600000</ShpRate>
      <BoxzRate>0.600000</BoxzRate>
      <LK>2</LK>
      <CUSLK>100.000000</CUSLK>
      <AK>2</AK>
      <CUSAK>0.100000</CUSAK>
      <Mass>1.000000</Mass>
      <LDMP>0.500000</LDMP>
      <ADMP>0.500000</ADMP>
      <BTG>-0.090000</BTG>
      <DMPANIML>0.000000</DMPANIML>
      <DMPANIMA>0.000000</DMPANIMA>
      <GROUPIDNUM>1</GROUPIDNUM>
      <GROUPID>2</GROUPID>
      <COLIIDNUM>1</COLIIDNUM>
      <COLIID>1</COLIID>
      <RESTITUTION>0.500000</RESTITUTION>
      <FRICTION>0.500000</FRICTION>
      <FORBIDROT>0</FORBIDROT>
    </RigidElem>
    <RigidElem>
      <ChildName>ReplacedName4_ReplacedName9_Joint</ChildName>
      <ColType>1</ColType>
      <SkipFlag>1</SkipFlag>
      <ShpRate>0.600000</ShpRate>
      <BoxzRate>0.600000</BoxzRate>
      <LK>2</LK>
      <CUSLK>100.000000</CUSLK>
      <AK>2</AK>
      <CUSAK>0.100000</CUSAK>
      <Mass>1.000000</Mass>
      <LDMP>0.500000</LDMP>
      <ADMP>0.500000</ADMP>
      <BTG>-0.090000</BTG>
      <DMPANIML>0.000000</DMPANIML>
      <DMPANIMA>0.000000</DMPANIMA>
      <GROUPIDNUM>1</GROUPIDNUM>
      <GROUPID>2</GROUPID>
      <COLIIDNUM>1</COLIIDNUM>
      <COLIID>1</COLIID>
      <RESTITUTION>0.500000</RESTITUTION>
      <FRICTION>0.500000</FRICTION>
      <FORBIDROT>0</FORBIDROT>
    </RigidElem>
  </Bone>
  <Bone>
    <Name>ReplacedName4_ReplacedName5_Joint</Name>
    <BTKIN>0</BTKIN>
    <RigidElem>
      <ChildName>ReplacedName5_ReplacedName6_Joint</ChildName>
      <ColType>1</ColType>
      <SkipFlag>1</SkipFlag>
      <ShpRate>0.600000</ShpRate>
      <BoxzRate>0.600000</BoxzRate>
      <LK>2</LK>
      <CUSLK>100.000000</CUSLK>
      <AK>2</AK>
      <CUSAK>0.100000</CUSAK>
      <Mass>1.000000</Mass>
      <LDMP>0.500000</LDMP>
      <ADMP>0.500000</ADMP>
      <BTG>-0.090000</BTG>
      <DMPANIML>0.000000</DMPANIML>
      <DMPANIMA>0.000000</DMPANIMA>
      <GROUPIDNUM>1</GROUPIDNUM>
      <GROUPID>2</GROUPID>
      <COLIIDNUM>1</COLIIDNUM>
      <COLIID>1</COLIID>
      <RESTITUTION>0.500000</RESTITUTION>
      <FRICTION>0.500000</FRICTION>
      <FORBIDROT>0</FORBIDROT>
    </RigidElem>
  </Bone>
  <Bone>
    <Name>ReplacedName5_ReplacedName6_Joint</Name>
    <BTKIN>0</BTKIN>
    <RigidElem>
      <ChildName>ReplacedName6_ReplacedName7_Joint</ChildName>
      <ColType>1</ColType>
      <SkipFlag>1</SkipFlag>
      <ShpRate>0.600000</ShpRate>
      <BoxzRate>0.600000</BoxzRate>
      <LK>2</LK>
      <CUSLK>100.000000</CUSLK>
      <AK>2</AK>
      <CUSAK>0.100000</CUSAK>
      <Mass>1.000000</Mass>
      <LDMP>0.500000</LDMP>
      <ADMP>0.500000</ADMP>
      <BTG>-0.090000</BTG>
      <DMPANIML>0.000000</DMPANIML>
      <DMPANIMA>0.000000</DMPANIMA>
      <GROUPIDNUM>1</GROUPIDNUM>
      <GROUPID>2</GROUPID>
      <COLIIDNUM>1</COLIIDNUM>
      <COLIID>1</COLIID>
      <RESTITUTION>0.500000</RESTITUTION>
      <FRICTION>0.500000</FRICTION>
      <FORBIDROT>0</FORBIDROT>
    </RigidElem>
  </Bone>
  <Bone>
    <Name>ReplacedName6_ReplacedName7_Joint</Name>
    <BTKIN>0</BTKIN>
    <RigidElem>
      <ChildName>ReplacedName7_ReplacedName8_Joint</ChildName>
      <ColType>1</ColType>
      <SkipFlag>1</SkipFlag>
      <ShpRate>0.600000</ShpRate>
      <BoxzRate>0.600000</BoxzRate>
      <LK>2</LK>
      <CUSLK>100.000000</CUSLK>
      <AK>2</AK>
      <CUSAK>0.100000</CUSAK>
      <Mass>1.000000</Mass>
      <LDMP>0.500000</LDMP>
      <ADMP>0.500000</ADMP>
      <BTG>-0.090000</BTG>
      <DMPANIML>0.000000</DMPANIML>
      <DMPANIMA>0.000000</DMPANIMA>
      <GROUPIDNUM>1</GROUPIDNUM>
      <GROUPID>2</GROUPID>
      <COLIIDNUM>1</COLIIDNUM>
      <COLIID>1</COLIID>
      <RESTITUTION>0.500000</RESTITUTION>
      <FRICTION>0.500000</FRICTION>
      <FORBIDROT>0</FORBIDROT>
    </RigidElem>
  </Bone>
  <Bone>
    <Name>ReplacedName7_ReplacedName8_Joint</Name>
    <BTKIN>0</BTKIN>
    <RigidElem>
      <ChildName>ReplacedName8_Joint</ChildName>
      <ColType>1</ColType>
      <SkipFlag>1</SkipFlag>
      <ShpRate>0.600000</ShpRate>
      <BoxzRate>0.600000</BoxzRate>
      <LK>2</LK>
      <CUSLK>100.000000</CUSLK>
      <AK>2</AK>
      <CUSAK>0.100000</CUSAK>
      <Mass>1.000000</Mass>
      <LDMP>0.500000</LDMP>
      <ADMP>0.500000</ADMP>
      <BTG>-0.090000</BTG>
      <DMPANIML>0.000000</DMPANIML>
      <DMPANIMA>0.000000</DMPANIMA>
      <GROUPIDNUM>1</GROUPIDNUM>
      <GROUPID>2</GROUPID>
      <COLIIDNUM>1</COLIIDNUM>
      <COLIID>1</COLIID>
      <RESTITUTION>0.500000</RESTITUTION>
      <FRICTION>0.500000</FRICTION>
      <FORBIDROT>0</FORBIDROT>
    </RigidElem>
  </Bone>
  <Bone>
    <Name>ReplacedName4_ReplacedName19_Joint</Name>
    <BTKIN>0</BTKIN>
    <RigidElem>
      <ChildName>ReplacedName19_ReplacedName20_Joint</ChildName>
      <ColType>1</ColType>
      <SkipFlag>1</SkipFlag>
      <ShpRate>0.600000</ShpRate>
      <BoxzRate>0.600000</BoxzRate>
      <LK>2</LK>
      <CUSLK>100.000000</CUSLK>
      <AK>2</AK>
      <CUSAK>0.100000</CUSAK>
      <Mass>1.000000</Mass>
      <LDMP>0.500000</LDMP>
      <ADMP>0.500000</ADMP>
      <BTG>-0.090000</BTG>
      <DMPANIML>0.000000</DMPANIML>
      <DMPANIMA>0.000000</DMPANIMA>
      <GROUPIDNUM>1</GROUPIDNUM>
      <GROUPID>2</GROUPID>
      <COLIIDNUM>1</COLIIDNUM>
      <COLIID>1</COLIID>
      <RESTITUTION>0.500000</RESTITUTION>
      <FRICTION>0.500000</FRICTION>
      <FORBIDROT>0</FORBIDROT>
    </RigidElem>
  </Bone>
  <Bone>
    <Name>ReplacedName19_ReplacedName20_Joint</Name>
    <BTKIN>0</BTKIN>
    <RigidElem>
      <ChildName>ReplacedName20_ReplacedName21_Joint</ChildName>
      <ColType>1</ColType>
      <SkipFlag>1</SkipFlag>
      <ShpRate>0.600000</ShpRate>
      <BoxzRate>0.600000</BoxzRate>
      <LK>2</LK>
      <CUSLK>100.000000</CUSLK>
      <AK>2</AK>
      <CUSAK>0.100000</CUSAK>
      <Mass>1.000000</Mass>
      <LDMP>0.500000</LDMP>
      <ADMP>0.500000</ADMP>
      <BTG>-0.090000</BTG>
      <DMPANIML>0.000000</DMPANIML>
      <DMPANIMA>0.000000</DMPANIMA>
      <GROUPIDNUM>1</GROUPIDNUM>
      <GROUPID>2</GROUPID>
      <COLIIDNUM>1</COLIIDNUM>
      <COLIID>1</COLIID>
      <RESTITUTION>0.500000</RESTITUTION>
      <FRICTION>0.500000</FRICTION>
      <FORBIDROT>0</FORBIDROT>
    </RigidElem>
  </Bone>
  <Bone>
    <Name>ReplacedName20_ReplacedName21_Joint</Name>
    <BTKIN>0</BTKIN>
    <RigidElem>
      <ChildName>ReplacedName21_ReplacedName22_Joint</ChildName>
      <ColType>1</ColType>
      <SkipFlag>1</SkipFlag>
      <ShpRate>0.600000</ShpRate>
      <BoxzRate>0.600000</BoxzRate>
      <LK>2</LK>
      <CUSLK>100.000000</CUSLK>
      <AK>2</AK>
      <CUSAK>0.100000</CUSAK>
      <Mass>1.000000</Mass>
      <LDMP>0.500000</LDMP>
      <ADMP>0.500000</ADMP>
      <BTG>-0.090000</BTG>
      <DMPANIML>0.000000</DMPANIML>
      <DMPANIMA>0.000000</DMPANIMA>
      <GROUPIDNUM>1</GROUPIDNUM>
      <GROUPID>2</GROUPID>
      <COLIIDNUM>1</COLIIDNUM>
      <COLIID>1</COLIID>
      <RESTITUTION>0.500000</RESTITUTION>
      <FRICTION>0.500000</FRICTION>
      <FORBIDROT>0</FORBIDROT>
    </RigidElem>
  </Bone>
  <Bone>
    <Name>ReplacedName21_ReplacedName22_Joint</Name>
    <BTKIN>0</BTKIN>
    <RigidElem>
      <ChildName>ReplacedName22_Joint</ChildName>
      <ColType>1</ColType>
      <SkipFlag>1</SkipFlag>
      <ShpRate>0.600000</ShpRate>
      <BoxzRate>0.600000</BoxzRate>
      <LK>2</LK>
      <CUSLK>100.000000</CUSLK>
      <AK>2</AK>
      <CUSAK>0.100000</CUSAK>
      <Mass>1.000000</Mass>
      <LDMP>0.500000</LDMP>
      <ADMP>0.500000</ADMP>
      <BTG>-0.090000</BTG>
      <DMPANIML>0.000000</DMPANIML>
      <DMPANIMA>0.000000</DMPANIMA>
      <GROUPIDNUM>1</GROUPIDNUM>
      <GROUPID>2</GROUPID>
      <COLIIDNUM>1</COLIIDNUM>
      <COLIID>1</COLIID>
      <RESTITUTION>0.500000</RESTITUTION>
      <FRICTION>0.500000</FRICTION>
      <FORBIDROT>0</FORBIDROT>
    </RigidElem>
  </Bone>
  <Bone>
    <Name>ReplacedName4_ReplacedName9_Joint</Name>
    <BTKIN>0</BTKIN>
    <RigidElem>
      <ChildName>ReplacedName9_ReplacedName10_Joint</ChildName>
      <ColType>1</ColType>
      <SkipFlag>1</SkipFlag>
      <ShpRate>0.600000</ShpRate>
      <BoxzRate>0.600000</BoxzRate>
      <LK>2</LK>
      <CUSLK>100.000000</CUSLK>
      <AK>2</AK>
      <CUSAK>0.100000</CUSAK>
      <Mass>1.000000</Mass>
      <LDMP>0.500000</LDMP>
      <ADMP>0.500000</ADMP>
      <BTG>-0.090000</BTG>
      <DMPANIML>0.000000</DMPANIML>
      <DMPANIMA>0.000000</DMPANIMA>
      <GROUPIDNUM>1</GROUPIDNUM>
      <GROUPID>2</GROUPID>
      <COLIIDNUM>1</COLIIDNUM>
      <COLIID>1</COLIID>
      <RESTITUTION>0.500000</RESTITUTION>
      <FRICTION>0.500000</FRICTION>
      <FORBIDROT>0</FORBIDROT>
    </RigidElem>
    <RigidElem>
      <ChildName>ReplacedName9_ReplacedName29_Joint</ChildName>
      <ColType>1</ColType>
      <SkipFlag>1</SkipFlag>
      <ShpRate>0.600000</ShpRate>
      <BoxzRate>0.600000</BoxzRate>
      <LK>2</LK>
      <CUSLK>100.000000</CUSLK>
      <AK>2</AK>
      <CUSAK>0.100000</CUSAK>
      <Mass>1.000000</Mass>
      <LDMP>0.500000</LDMP>
      <ADMP>0.500000</ADMP>
      <BTG>-0.090000</BTG>
      <DMPANIML>0.000000</DMPANIML>
      <DMPANIMA>0.000000</DMPANIMA>
      <GROUPIDNUM>1</GROUPIDNUM>
      <GROUPID>2</GROUPID>
      <COLIIDNUM>1</COLIIDNUM>
      <COLIID>1</COLIID>
      <RESTITUTION>0.500000</RESTITUTION>
      <FRICTION>0.500000</FRICTION>
      <FORBIDROT>0</FORBIDROT>
    </RigidElem>
  </Bone>
  <Bone>
    <Name>ReplacedName9_ReplacedName10_Joint</Name>
    <BTKIN>0</BTKIN>
    <RigidElem>
      <ChildName>ReplacedName10_ReplacedName11_Joint</ChildName>
      <ColType>1</ColType>
      <SkipFlag>1</SkipFlag>
      <ShpRate>0.600000</ShpRate>
      <BoxzRate>0.600000</BoxzRate>
      <LK>2</LK>
      <CUSLK>100.000000</CUSLK>
      <AK>2</AK>
      <CUSAK>0.100000</CUSAK>
      <Mass>1.000000</Mass>
      <LDMP>0.500000</LDMP>
      <ADMP>0.500000</ADMP>
      <BTG>-0.090000</BTG>
      <DMPANIML>0.000000</DMPANIML>
      <DMPANIMA>0.000000</DMPANIMA>
      <GROUPIDNUM>1</GROUPIDNUM>
      <GROUPID>2</GROUPID>
      <COLIIDNUM>1</COLIIDNUM>
      <COLIID>1</COLIID>
      <RESTITUTION>0.500000</RESTITUTION>
      <FRICTION>0.500000</FRICTION>
      <FORBIDROT>0</FORBIDROT>
    </RigidElem>
  </Bone>
  <Bone>
    <Name>ReplacedName10_ReplacedName11_Joint</Name>
    <BTKIN>0</BTKIN>
    <RigidElem>
      <ChildName>ReplacedName11_ReplacedName14_Joint</ChildName>
      <ColType>1</ColType>
      <SkipFlag>1</SkipFlag>
      <ShpRate>0.600000</ShpRate>
      <BoxzRate>0.600000</BoxzRate>
      <LK>2</LK>
      <CUSLK>100.000000</CUSLK>
      <AK>2</AK>
      <CUSAK>0.100000</CUSAK>
      <Mass>1.000000</Mass>
      <LDMP>0.500000</LDMP>
      <ADMP>0.500000</ADMP>
      <BTG>-0.090000</BTG>
      <DMPANIML>0.000000</DMPANIML>
      <DMPANIMA>0.000000</DMPANIMA>
      <GROUPIDNUM>1</GROUPIDNUM>
      <GROUPID>2</GROUPID>
      <COLIIDNUM>1</COLIIDNUM>
      <COLIID>1</COLIID>
      <RESTITUTION>0.500000</RESTITUTION>
      <FRICTION>0.500000</FRICTION>
      <FORBIDROT>0</FORBIDROT>
    </RigidElem>
    <RigidElem>
      <ChildName>ReplacedName11_ReplacedName23_Joint</ChildName>
      <ColType>1</ColType>
      <SkipFlag>1</SkipFlag>
      <ShpRate>0.600000</ShpRate>
      <BoxzRate>0.600000</BoxzRate>
      <LK>2</LK>
      <CUSLK>100.000000</CUSLK>
      <AK>2</AK>
      <CUSAK>0.100000</CUSAK>
      <Mass>1.000000</Mass>
      <LDMP>0.500000</LDMP>
      <ADMP>0.500000</ADMP>
      <BTG>-0.090000</BTG>
      <DMPANIML>0.000000</DMPANIML>
      <DMPANIMA>0.000000</DMPANIMA>
      <GROUPIDNUM>1</GROUPIDNUM>
      <GROUPID>2</GROUPID>
      <COLIIDNUM>1</COLIIDNUM>
      <COLIID>1</COLIID>
      <RESTITUTION>0.500000</RESTITUTION>
      <FRICTION>0.500000</FRICTION>
      <FORBIDROT>0</FORBIDROT>
    </RigidElem>
    <RigidElem>
      <ChildName>ReplacedName11_ReplacedName12_Joint</ChildName>
      <ColType>1</ColType>
      <SkipFlag>1</SkipFlag>
      <ShpRate>0.600000</ShpRate>
      <BoxzRate>0.600000</BoxzRate>
      <LK>2</LK>
      <CUSLK>100.000000</CUSLK>
      <AK>2</AK>
      <CUSAK>0.100000</CUSAK>
      <Mass>1.000000</Mass>
      <LDMP>0.500000</LDMP>
      <ADMP>0.500000</ADMP>
      <BTG>-0.090000</BTG>
      <DMPANIML>0.000000</DMPANIML>
      <DMPANIMA>0.000000</DMPANIMA>
      <GROUPIDNUM>1</GROUPIDNUM>
      <GROUPID>2</GROUPID>
      <COLIIDNUM>1</COLIIDNUM>
      <COLIID>1</COLIID>
      <RESTITUTION>0.500000</RESTITUTION>
      <FRICTION>0.500000</FRICTION>
      <FORBIDROT>0</FORBIDROT>
    </RigidElem>
  </Bone>
  <Bone>
    <Name>ReplacedName11_ReplacedName14_Joint</Name>
    <BTKIN>0</BTKIN>
    <RigidElem>
      <ChildName>ReplacedName14_ReplacedName15_Joint</ChildName>
      <ColType>1</ColType>
      <SkipFlag>1</SkipFlag>
      <ShpRate>0.600000</ShpRate>
      <BoxzRate>0.600000</BoxzRate>
      <LK>2</LK>
      <CUSLK>100.000000</CUSLK>
      <AK>2</AK>
      <CUSAK>0.100000</CUSAK>
      <Mass>1.000000</Mass>
      <LDMP>0.500000</LDMP>
      <ADMP>0.500000</ADMP>
      <BTG>-0.090000</BTG>
      <DMPANIML>0.000000</DMPANIML>
      <DMPANIMA>0.000000</DMPANIMA>
      <GROUPIDNUM>1</GROUPIDNUM>
      <GROUPID>2</GROUPID>
      <COLIIDNUM>1</COLIIDNUM>
      <COLIID>1</COLIID>
      <RESTITUTION>0.500000</RESTITUTION>
      <FRICTION>0.500000</FRICTION>
      <FORBIDROT>0</FORBIDROT>
    </RigidElem>
  </Bone>
  <Bone>
    <Name>ReplacedName14_ReplacedName15_Joint</Name>
    <BTKIN>0</BTKIN>
    <RigidElem>
      <ChildName>ReplacedName15_ReplacedName16_Joint</ChildName>
      <ColType>1</ColType>
      <SkipFlag>1</SkipFlag>
      <ShpRate>0.600000</ShpRate>
      <BoxzRate>0.600000</BoxzRate>
      <LK>2</LK>
      <CUSLK>100.000000</CUSLK>
      <AK>2</AK>
      <CUSAK>0.100000</CUSAK>
      <Mass>1.000000</Mass>
      <LDMP>0.500000</LDMP>
      <ADMP>0.500000</ADMP>
      <BTG>-0.090000</BTG>
      <DMPANIML>0.000000</DMPANIML>
      <DMPANIMA>0.000000</DMPANIMA>
      <GROUPIDNUM>1</GROUPIDNUM>
      <GROUPID>2</GROUPID>
      <COLIIDNUM>1</COLIIDNUM>
      <COLIID>1</COLIID>
      <RESTITUTION>0.500000</RESTITUTION>
      <FRICTION>0.500000</FRICTION>
      <FORBIDROT>0</FORBIDROT>
    </RigidElem>
  </Bone>
  <Bone>
    <Name>ReplacedName15_ReplacedName16_Joint</Name>
    <BTKIN>0</BTKIN>
    <RigidElem>
      <ChildName>ReplacedName16_ReplacedName17_Joint</ChildName>
      <ColType>1</ColType>
      <SkipFlag>1</SkipFlag>
      <ShpRate>0.600000</ShpRate>
      <BoxzRate>0.600000</BoxzRate>
      <LK>2</LK>
      <CUSLK>100.000000</CUSLK>
      <AK>2</AK>
      <CUSAK>0.100000</CUSAK>
      <Mass>1.000000</Mass>
      <LDMP>0.500000</LDMP>
      <ADMP>0.500000</ADMP>
      <BTG>-0.090000</BTG>
      <DMPANIML>0.000000</DMPANIML>
      <DMPANIMA>0.000000</DMPANIMA>
      <GROUPIDNUM>1</GROUPIDNUM>
      <GROUPID>2</GROUPID>
      <COLIIDNUM>1</COLIIDNUM>
      <COLIID>1</COLIID>
      <RESTITUTION>0.500000</RESTITUTION>
      <FRICTION>0.500000</FRICTION>
      <FORBIDROT>0</FORBIDROT>
    </RigidElem>
  </Bone>
  <Bone>
    <Name>ReplacedName16_ReplacedName17_Joint</Name>
    <BTKIN>0</BTKIN>
    <RigidElem>
      <ChildName>ReplacedName17_ReplacedName18_Joint</ChildName>
      <ColType>1</ColType>
      <SkipFlag>1</SkipFlag>
      <ShpRate>0.600000</ShpRate>
      <BoxzRate>0.600000</BoxzRate>
      <LK>2</LK>
      <CUSLK>100.000000</CUSLK>
      <AK>2</AK>
      <CUSAK>0.100000</CUSAK>
      <Mass>1.000000</Mass>
      <LDMP>0.500000</LDMP>
      <ADMP>0.500000</ADMP>
      <BTG>-0.090000</BTG>
      <DMPANIML>0.000000</DMPANIML>
      <DMPANIMA>0.000000</DMPANIMA>
      <GROUPIDNUM>1</GROUPIDNUM>
      <GROUPID>2</GROUPID>
      <COLIIDNUM>1</COLIIDNUM>
      <COLIID>1</COLIID>
      <RESTITUTION>0.500000</RESTITUTION>
      <FRICTION>0.500000</FRICTION>
      <FORBIDROT>0</FORBIDROT>
    </RigidElem>
  </Bone>
  <Bone>
    <Name>ReplacedName17_ReplacedName18_Joint</Name>
    <BTKIN>0</BTKIN>
    <RigidElem>
      <ChildName>ReplacedName18_Joint</ChildName>
      <ColType>1</ColType>
      <SkipFlag>1</SkipFlag>
      <ShpRate>0.600000</ShpRate>
      <BoxzRate>0.600000</BoxzRate>
      <LK>2</LK>
      <CUSLK>100.000000</CUSLK>
      <AK>2</AK>
      <CUSAK>0.100000</CUSAK>
      <Mass>1.000000</Mass>
      <LDMP>0.500000</LDMP>
      <ADMP>0.500000</ADMP>
      <BTG>-0.090000</BTG>
      <DMPANIML>0.000000</DMPANIML>
      <DMPANIMA>0.000000</DMPANIMA>
      <GROUPIDNUM>1</GROUPIDNUM>
      <GROUPID>2</GROUPID>
      <COLIIDNUM>1</COLIIDNUM>
      <COLIID>1</COLIID>
      <RESTITUTION>0.500000</RESTITUTION>
      <FRICTION>0.500000</FRICTION>
      <FORBIDROT>0</FORBIDROT>
    </RigidElem>
  </Bone>
  <Bone>
    <Name>ReplacedName11_ReplacedName23_Joint</Name>
    <BTKIN>0</BTKIN>
    <RigidElem>
      <ChildName>ReplacedName23_ReplacedName24_Joint</ChildName>
      <ColType>1</ColType>
      <SkipFlag>1</SkipFlag>
      <ShpRate>0.600000</ShpRate>
      <BoxzRate>0.600000</BoxzRate>
      <LK>2</LK>
      <CUSLK>100.000000</CUSLK>
      <AK>2</AK>
      <CUSAK>0.100000</CUSAK>
      <Mass>1.000000</Mass>
      <LDMP>0.500000</LDMP>
      <ADMP>0.500000</ADMP>
      <BTG>-0.090000</BTG>
      <DMPANIML>0.000000</DMPANIML>
      <DMPANIMA>0.000000</DMPANIMA>
      <GROUPIDNUM>1</GROUPIDNUM>
      <GROUPID>2</GROUPID>
      <COLIIDNUM>1</COLIIDNUM>
      <COLIID>1</COLIID>
      <RESTITUTION>0.500000</RESTITUTION>
      <FRICTION>0.500000</FRICTION>
      <FORBIDROT>0</FORBIDROT>
    </RigidElem>
  </Bone>
  <Bone>
    <Name>ReplacedName23_ReplacedName24_Joint</Name>
    <BTKIN>0</BTKIN>
    <RigidElem>
      <ChildName>ReplacedName24_ReplacedName25_Joint</ChildName>
      <ColType>1</ColType>
      <SkipFlag>1</SkipFlag>
      <ShpRate>0.600000</ShpRate>
      <BoxzRate>0.600000</BoxzRate>
      <LK>2</LK>
      <CUSLK>100.000000</CUSLK>
      <AK>2</AK>
      <CUSAK>0.100000</CUSAK>
      <Mass>1.000000</Mass>
      <LDMP>0.500000</LDMP>
      <ADMP>0.500000</ADMP>
      <BTG>-0.090000</BTG>
      <DMPANIML>0.000000</DMPANIML>
      <DMPANIMA>0.000000</DMPANIMA>
      <GROUPIDNUM>1</GROUPIDNUM>
      <GROUPID>2</GROUPID>
      <COLIIDNUM>1</COLIIDNUM>
      <COLIID>1</COLIID>
      <RESTITUTION>0.500000</RESTITUTION>
      <FRICTION>0.500000</FRICTION>
      <FORBIDROT>0</FORBIDROT>
    </RigidElem>
  </Bone>
  <Bone>
    <Name>ReplacedName24_ReplacedName25_Joint</Name>
    <BTKIN>0</BTKIN>
    <RigidElem>
      <ChildName>ReplacedName25_ReplacedName26_Joint</ChildName>
      <ColType>1</ColType>
      <SkipFlag>1</SkipFlag>
      <ShpRate>0.600000</ShpRate>
      <BoxzRate>0.600000</BoxzRate>
      <LK>2</LK>
      <CUSLK>100.000000</CUSLK>
      <AK>2</AK>
      <CUSAK>0.100000</CUSAK>
      <Mass>1.000000</Mass>
      <LDMP>0.500000</LDMP>
      <ADMP>0.500000</ADMP>
      <BTG>-0.090000</BTG>
      <DMPANIML>0.000000</DMPANIML>
      <DMPANIMA>0.000000</DMPANIMA>
      <GROUPIDNUM>1</GROUPIDNUM>
      <GROUPID>2</GROUPID>
      <COLIIDNUM>1</COLIIDNUM>
      <COLIID>1</COLIID>
      <RESTITUTION>0.500000</RESTITUTION>
      <FRICTION>0.500000</FRICTION>
      <FORBIDROT>0</FORBIDROT>
    </RigidElem>
  </Bone>
  <Bone>
    <Name>ReplacedName25_ReplacedName26_Joint</Name>
    <BTKIN>0</BTKIN>
    <RigidElem>
      <ChildName>ReplacedName26_ReplacedName27_Joint</ChildName>
      <ColType>1</ColType>
      <SkipFlag>1</SkipFlag>
      <ShpRate>0.600000</ShpRate>
      <BoxzRate>0.600000</BoxzRate>
      <LK>2</LK>
      <CUSLK>100.000000</CUSLK>
      <AK>2</AK>
      <CUSAK>0.100000</CUSAK>
      <Mass>1.000000</Mass>
      <LDMP>0.500000</LDMP>
      <ADMP>0.500000</ADMP>
      <BTG>-0.090000</BTG>
      <DMPANIML>0.000000</DMPANIML>
      <DMPANIMA>0.000000</DMPANIMA>
      <GROUPIDNUM>1</GROUPIDNUM>
      <GROUPID>2</GROUPID>
      <COLIIDNUM>1</COLIIDNUM>
      <COLIID>1</COLIID>
      <RESTITUTION>0.500000</RESTITUTION>
      <FRICTION>0.500000</FRICTION>
      <FORBIDROT>0</FORBIDROT>
    </RigidElem>
  </Bone>
  <Bone>
    <Name>ReplacedName26_ReplacedName27_Joint</Name>
    <BTKIN>0</BTKIN>
    <RigidElem>
      <ChildName>ReplacedName27_Joint</ChildName>
      <ColType>1</ColType>
      <SkipFlag>1</SkipFlag>
      <ShpRate>0.600000</ShpRate>
      <BoxzRate>0.600000</BoxzRate>
      <LK>2</LK>
      <CUSLK>100.000000</CUSLK>
      <AK>2</AK>
      <CUSAK>0.100000</CUSAK>
      <Mass>1.000000</Mass>
      <LDMP>0.500000</LDMP>
      <ADMP>0.500000</ADMP>
      <BTG>-0.090000</BTG>
      <DMPANIML>0.000000</DMPANIML>
      <DMPANIMA>0.000000</DMPANIMA>
      <GROUPIDNUM>1</GROUPIDNUM>
      <GROUPID>2</GROUPID>
      <COLIIDNUM>1</COLIIDNUM>
      <COLIID>1</COLIID>
      <RESTITUTION>0.500000</RESTITUTION>
      <FRICTION>0.500000</FRICTION>
      <FORBIDROT>0</FORBIDROT>
    </RigidElem>
  </Bone>
  <Bone>
    <Name>ReplacedName11_ReplacedName12_Joint</Name>
    <BTKIN>0</BTKIN>
    <RigidElem>
      <ChildName>ReplacedName12_ReplacedName13_Joint</ChildName>
      <ColType>1</ColType>
      <SkipFlag>1</SkipFlag>
      <ShpRate>0.600000</ShpRate>
      <BoxzRate>0.600000</BoxzRate>
      <LK>2</LK>
      <CUSLK>100.000000</CUSLK>
      <AK>2</AK>
      <CUSAK>0.100000</CUSAK>
      <Mass>1.000000</Mass>
      <LDMP>0.500000</LDMP>
      <ADMP>0.500000</ADMP>
      <BTG>-0.090000</BTG>
      <DMPANIML>0.000000</DMPANIML>
      <DMPANIMA>0.000000</DMPANIMA>
      <GROUPIDNUM>1</GROUPIDNUM>
      <GROUPID>2</GROUPID>
      <COLIIDNUM>1</COLIIDNUM>
      <COLIID>1</COLIID>
      <RESTITUTION>0.500000</RESTITUTION>
      <FRICTION>0.500000</FRICTION>
      <FORBIDROT>0</FORBIDROT>
    </RigidElem>
    <RigidElem>
      <ChildName>ReplacedName12_ReplacedName28_Joint</ChildName>
      <ColType>1</ColType>
      <SkipFlag>1</SkipFlag>
      <ShpRate>0.600000</ShpRate>
      <BoxzRate>0.600000</BoxzRate>
      <LK>2</LK>
      <CUSLK>100.000000</CUSLK>
      <AK>2</AK>
      <CUSAK>0.100000</CUSAK>
      <Mass>1.000000</Mass>
      <LDMP>0.500000</LDMP>
      <ADMP>0.500000</ADMP>
      <BTG>-0.090000</BTG>
      <DMPANIML>0.000000</DMPANIML>
      <DMPANIMA>0.000000</DMPANIMA>
      <GROUPIDNUM>1</GROUPIDNUM>
      <GROUPID>2</GROUPID>
      <COLIIDNUM>1</COLIIDNUM>
      <COLIID>1</COLIID>
      <RESTITUTION>0.500000</RESTITUTION>
      <FRICTION>0.500000</FRICTION>
      <FORBIDROT>0</FORBIDROT>
    </RigidElem>
  </Bone>
  <Bone>
    <Name>ReplacedName12_ReplacedName13_Joint</Name>
    <BTKIN>0</BTKIN>
    <RigidElem>
      <ChildName>ReplacedName13_Joint</ChildName>
      <ColType>1</ColType>
      <SkipFlag>1</SkipFlag>
      <ShpRate>0.600000</ShpRate>
      <BoxzRate>0.600000</BoxzRate>
      <LK>2</LK>
      <CUSLK>100.000000</CUSLK>
      <AK>2</AK>
      <CUSAK>0.100000</CUSAK>
      <Mass>1.000000</Mass>
      <LDMP>0.500000</LDMP>
      <ADMP>0.500000</ADMP>
      <BTG>-0.090000</BTG>
      <DMPANIML>0.000000</DMPANIML>
      <DMPANIMA>0.000000</DMPANIMA>
      <GROUPIDNUM>1</GROUPIDNUM>
      <GROUPID>2</GROUPID>
      <COLIIDNUM>1</COLIIDNUM>
      <COLIID>1</COLIID>
      <RESTITUTION>0.500000</RESTITUTION>
      <FRICTION>0.500000</FRICTION>
      <FORBIDROT>0</FORBIDROT>
    </RigidElem>
  </Bone>
  <Bone>
    <Name>ReplacedName12_ReplacedName28_Joint</Name>
    <BTKIN>0</BTKIN>
    <RigidElem>
      <ChildName>ReplacedName28_Joint</ChildName>
      <ColType>1</ColType>
      <SkipFlag>1</SkipFlag>
      <ShpRate>0.600000</ShpRate>
      <BoxzRate>0.600000</BoxzRate>
      <LK>2</LK>
      <CUSLK>100.000000</CUSLK>
      <AK>2</AK>
      <CUSAK>0.100000</CUSAK>
      <Mass>1.000000</Mass>
      <LDMP>0.500000</LDMP>
      <ADMP>0.500000</ADMP>
      <BTG>-0.090000</BTG>
      <DMPANIML>0.000000</DMPANIML>
      <DMPANIMA>0.000000</DMPANIMA>
      <GROUPIDNUM>1</GROUPIDNUM>
      <GROUPID>2</GROUPID>
      <COLIIDNUM>1</COLIIDNUM>
      <COLIID>1</COLIID>
      <RESTITUTION>0.500000</RESTITUTION>
      <FRICTION>0.500000</FRICTION>
      <FORBIDROT>0</FORBIDROT>
    </RigidElem>
  </Bone>
  <Bone>
    <Name>ReplacedName9_ReplacedName29_Joint</Name>
    <BTKIN>0</BTKIN>
    <RigidElem>
      <ChildName>ReplacedName29_Joint</ChildName>
      <ColType>1</ColType>
      <SkipFlag>1</SkipFlag>
      <ShpRate>0.600000</ShpRate>
      <BoxzRate>0.600000</BoxzRate>
      <LK>2</LK>
      <CUSLK>100.000000</CUSLK>
      <AK>2</AK>
      <CUSAK>0.100000</CUSAK>
      <Mass>1.000000</Mass>
      <LDMP>0.500000</LDMP>
      <ADMP>0.500000</ADMP>
      <BTG>-0.090000</BTG>
      <DMPANIML>0.000000</DMPANIML>
      <DMPANIMA>0.000000</DMPANIMA>
      <GROUPIDNUM>1</GROUPIDNUM>
      <GROUPID>2</GROUPID>
      <COLIIDNUM>1</COLIIDNUM>
      <COLIID>1</COLIID>
      <RESTITUTION>0.500000</RESTITUTION>
      <FRICTION>0.500000</FRICTION>
      <FORBIDROT>0</FORBIDROT>
    </RigidElem>
  </Bone>
</RIGIDELEM>
